------------------------------------------------------------
Timing Analyzer Summary
------------------------------------------------------------

Type  : Slow 1200mV 85C Model Setup 'clk'
Slack : -4.698
TNS   : -125.432

Type  : Slow 1200mV 85C Model Setup 'rst_n'
Slack : -1.546
TNS   : -11.059

Type  : Slow 1200mV 85C Model Hold 'clk'
Slack : 0.354
TNS   : 0.000

Type  : Slow 1200mV 85C Model Hold 'rst_n'
Slack : 0.549
TNS   : 0.000

Type  : Slow 1200mV 85C Model Recovery 'clk'
Slack : -3.109
TNS   : -69.900

Type  : Slow 1200mV 85C Model Removal 'clk'
Slack : 0.267
TNS   : 0.000

Type  : Slow 1200mV 85C Model Minimum Pulse Width 'clk'
Slack : -3.000
TNS   : -78.762

Type  : Slow 1200mV 85C Model Minimum Pulse Width 'rst_n'
Slack : -3.000
TNS   : -3.000

Type  : Slow 1200mV 0C Model Setup 'clk'
Slack : -4.222
TNS   : -114.880

Type  : Slow 1200mV 0C Model Setup 'rst_n'
Slack : -1.335
TNS   : -9.434

Type  : Slow 1200mV 0C Model Hold 'clk'
Slack : 0.320
TNS   : 0.000

Type  : Slow 1200mV 0C Model Hold 'rst_n'
Slack : 0.397
TNS   : 0.000

Type  : Slow 1200mV 0C Model Recovery 'clk'
Slack : -2.907
TNS   : -62.060

Type  : Slow 1200mV 0C Model Removal 'clk'
Slack : 0.260
TNS   : 0.000

Type  : Slow 1200mV 0C Model Minimum Pulse Width 'clk'
Slack : -3.000
TNS   : -78.762

Type  : Slow 1200mV 0C Model Minimum Pulse Width 'rst_n'
Slack : -3.000
TNS   : -3.000

Type  : Fast 1200mV 0C Model Setup 'clk'
Slack : -2.049
TNS   : -44.997

Type  : Fast 1200mV 0C Model Setup 'rst_n'
Slack : -0.409
TNS   : -2.757

Type  : Fast 1200mV 0C Model Hold 'clk'
Slack : 0.092
TNS   : 0.000

Type  : Fast 1200mV 0C Model Hold 'rst_n'
Slack : 0.385
TNS   : 0.000

Type  : Fast 1200mV 0C Model Recovery 'clk'
Slack : -1.396
TNS   : -30.427

Type  : Fast 1200mV 0C Model Removal 'clk'
Slack : -0.033
TNS   : -0.528

Type  : Fast 1200mV 0C Model Minimum Pulse Width 'clk'
Slack : -3.000
TNS   : -59.344

Type  : Fast 1200mV 0C Model Minimum Pulse Width 'rst_n'
Slack : -3.000
TNS   : -3.000

------------------------------------------------------------
