------------------------------------------------------------
Timing Analyzer Summary
------------------------------------------------------------

Type  : Slow 1200mV 85C Model Setup 'clk'
Slack : -5.207
TNS   : -149.223

Type  : Slow 1200mV 85C Model Setup 'rst_n'
Slack : -1.406
TNS   : -9.861

Type  : Slow 1200mV 85C Model Hold 'clk'
Slack : 0.355
TNS   : 0.000

Type  : Slow 1200mV 85C Model Hold 'rst_n'
Slack : 0.408
TNS   : 0.000

Type  : Slow 1200mV 85C Model Recovery 'clk'
Slack : -3.592
TNS   : -103.493

Type  : Slow 1200mV 85C Model Removal 'clk'
Slack : 0.803
TNS   : 0.000

Type  : Slow 1200mV 85C Model Minimum Pulse Width 'clk'
Slack : -3.000
TNS   : -78.762

Type  : Slow 1200mV 85C Model Minimum Pulse Width 'rst_n'
Slack : -3.000
TNS   : -3.000

Type  : Slow 1200mV 0C Model Setup 'clk'
Slack : -4.834
TNS   : -138.520

Type  : Slow 1200mV 0C Model Setup 'rst_n'
Slack : -1.220
TNS   : -8.497

Type  : Slow 1200mV 0C Model Hold 'rst_n'
Slack : 0.272
TNS   : 0.000

Type  : Slow 1200mV 0C Model Hold 'clk'
Slack : 0.320
TNS   : 0.000

Type  : Slow 1200mV 0C Model Recovery 'clk'
Slack : -3.361
TNS   : -92.643

Type  : Slow 1200mV 0C Model Removal 'clk'
Slack : 0.729
TNS   : 0.000

Type  : Slow 1200mV 0C Model Minimum Pulse Width 'clk'
Slack : -3.000
TNS   : -78.762

Type  : Slow 1200mV 0C Model Minimum Pulse Width 'rst_n'
Slack : -3.000
TNS   : -3.000

Type  : Fast 1200mV 0C Model Setup 'clk'
Slack : -2.172
TNS   : -55.702

Type  : Fast 1200mV 0C Model Setup 'rst_n'
Slack : -0.308
TNS   : -1.808

Type  : Fast 1200mV 0C Model Hold 'clk'
Slack : 0.151
TNS   : 0.000

Type  : Fast 1200mV 0C Model Hold 'rst_n'
Slack : 0.240
TNS   : 0.000

Type  : Fast 1200mV 0C Model Recovery 'clk'
Slack : -1.540
TNS   : -47.003

Type  : Fast 1200mV 0C Model Removal 'clk'
Slack : 0.232
TNS   : 0.000

Type  : Fast 1200mV 0C Model Minimum Pulse Width 'clk'
Slack : -3.000
TNS   : -59.753

Type  : Fast 1200mV 0C Model Minimum Pulse Width 'rst_n'
Slack : -3.000
TNS   : -3.000

------------------------------------------------------------
